QA output created by 094
Formatting 'TEST_DIR/t.IMGFMT', fmt=IMGFMT size=67108864
Formatting 'TEST_DIR/source.IMGFMT', fmt=IMGFMT size=67108864
{"return": {}}
{"return": {}}
{"timestamp": {"seconds":  TIMESTAMP, "microseconds":  TIMESTAMP}, "event": "BLOCK_JOB_READY", "data": {"device": "src", "len": 0, "offset": 0, "speed": 0, "type": "mirror"}}
{"return": {}}
{"timestamp": {"seconds":  TIMESTAMP, "microseconds":  TIMESTAMP}, "event": "BLOCK_JOB_COMPLETED", "data": {"device": "src", "len": 0, "offset": 0, "speed": 0, "type": "mirror"}}
{"return": {}}
{"timestamp": {"seconds":  TIMESTAMP, "microseconds":  TIMESTAMP}, "event": "SHUTDOWN"}
*** done
